// Jest Snapshot v1, https://goo.gl/fbAQLP

exports[`should render CreateExpense correctly 1`] = `undefined`;
